
> temp_app@0.1.0 build
> next build

npm :  ΓÜá `eslint` 
configuration in 
next.config.mjs is 
no longer 
supported. See more 
info here: https://n
extjs.org/docs/app/a
pi-reference/cli/nex
t#next-lint-options
At line:1 char:1
+ npm run build > 
build_error.log 2>&1
+ ~~~~~~~~~~~~~~~~~~
~~~~~~~~~~~~~~~~~~
    + CategoryInfo  
            : NotS  
  pecified: ( ΓÜá   
  `eslint` c...x    
t-lint-options:    
String) [], Rem    
oteException
    + FullyQualifie 
   dErrorId : Nati  
  veCommandError
 
 ΓÜá Invalid 
next.config.mjs 
options detected: 
 ΓÜá     
Unrecognized key(s) 
in object: 'eslint'
 ΓÜá See more info 
here: https://nextjs
.org/docs/messages/i
nvalid-next-config
   Γû▓ Next.js 16.0.3 (Turbopack)

   Creating an optimized production build ...

> Build error 
occurred
Error: Turbopack 
build failed with 1 
errors:
./app/globals.css
Error evaluating 
Node.js code
Error: Cannot find 
module '@tailwindcss
/postcss'
Require stack:
- C:\Users\matta\.ge
mini\antigravity\scr
atch\github_pages_ma
ttaster\mattaster.gi
thub.io\.next\build\
chunks\[root-of-the-
server]__51225daf._.
js
- C:\Users\matta\.ge
mini\antigravity\scr
atch\github_pages_ma
ttaster\mattaster.gi
thub.io\.next\build\
chunks\[turbopack]_r
untime.js
- C:\Users\matta\.ge
mini\antigravity\scr
atch\github_pages_ma
ttaster\mattaster.gi
thub.io\.next\build\
postcss.js
    [at Module._reso
lveFilename (node:in
ternal/modules/cjs/l
oader:1145:15)]
    [at 
Module._load (node:i
nternal/modules/cjs/
loader:986:27)]
    [at 
Module.require (node
:internal/modules/cj
s/loader:1233:19)]
    [at require (nod
e:internal/modules/h
elpers:179:18)]
    at turbopack:///
[turbopack-node]/tra
nsforms/postcss.ts:4
9:25 [C:\Users\matta
\.gemini\antigravity
\scratch\github_page
s_mattaster\mattaste
r.github.io\.next\bu
ild\chunks\[root-of-
the-server]__51225da
f._.js:134:33]
    [at <anonymous>]
    at Module.init (
turbopack:///[turbop
ack-node]/transforms
/postcss.ts:43:33) [
C:\Users\matta\.gemi
ni\antigravity\scrat
ch\github_pages_matt
aster\mattaster.gith
ub.io\.next\build\ch
unks\[root-of-the-se
rver]__51225daf._.js
:129:35]
    at run (turbopac
k:///[turbopack-node
]/ipc/evaluate.ts:77
:20) [C:\Users\matta
\.gemini\antigravity
\scratch\github_page
s_mattaster\mattaste
r.github.io\.next\bu
ild\chunks\[root-of-
the-server]__974941e
d._.js:429:26]
    [at process.proc
essTicksAndRejection
s (node:internal/pro
cess/task_queues:95:
5)]

Import trace:
  Client Component 
Browser:
    
./app/globals.css 
[Client Component 
Browser]
    
./app/layout.tsx 
[Server Component]


    at Module.init (
turbopack:///[turbop
ack-node]/transforms
/postcss.ts:43:33) [
C:\Users\matta\.gemi
ni\antigravity\scrat
ch\github_pages_matt
aster\mattaster.gith
ub.io\.next\build\ch
unks\[root-of-the-se
rver]__51225daf._.js
:129:35])
    at run (turbopac
k:///[turbopack-node
]/ipc/evaluate.ts:77
:20) [C:\Users\matta
\.gemini\antigravity
\scratch\github_page
s_mattaster\mattaste
r.github.io\.next\bu
ild\chunks\[root-of-
the-server]__974941e
d._.js:429:26])
